// Jest Snapshot v1, https://goo.gl/fbAQLP

exports[`Review component should match snapshot 1`] = `
Object {
  "asFragment": [Function],
  "baseElement": <body>
    <div>
      <article
        class="article"
      >
        <section
          class="reviewSection"
        >
          <span
            class="css-173apo3"
          >
            4.0
             / 5
          </span>
          <img
            alt="HOLIDU"
            src="HOLIDU.svg"
          />
        </section>
        <h2
          class="headline"
        >
          Very nice host, and quite chill place.
        </h2>
        <p
          class="comment"
        >
          Nulla dictum ligula ac tortor egestas, sit amet ullamcorper risus sollicitudin. Morbi vitae leo accumsan, interdum ligula non, placerat ligula. Ut faucibus congue purus, vitae semper sapien viverra non. Pellentesque rhoncus porttitor diam, eu ultrices metus dictum at.
        </p>
        <p>
          <img
            alt="Positive feedback"
            class="css-sxswvr"
            src="thumb-up.svg"
          />
          The location is perfect
        </p>
        <p>
          <img
            alt="Negative feedback"
            class="css-sxswvr"
            src="thumb-down.svg"
          />
          No parking spot.
        </p>
        <p
          class="author"
        >
          Alissa Stacey
        </p>
        <span>
          Reviewed 
          11
           
          August
           
          2020
        </span>
      </article>
    </div>
  </body>,
  "container": <div>
    <article
      class="article"
    >
      <section
        class="reviewSection"
      >
        <span
          class="css-173apo3"
        >
          4.0
           / 5
        </span>
        <img
          alt="HOLIDU"
          src="HOLIDU.svg"
        />
      </section>
      <h2
        class="headline"
      >
        Very nice host, and quite chill place.
      </h2>
      <p
        class="comment"
      >
        Nulla dictum ligula ac tortor egestas, sit amet ullamcorper risus sollicitudin. Morbi vitae leo accumsan, interdum ligula non, placerat ligula. Ut faucibus congue purus, vitae semper sapien viverra non. Pellentesque rhoncus porttitor diam, eu ultrices metus dictum at.
      </p>
      <p>
        <img
          alt="Positive feedback"
          class="css-sxswvr"
          src="thumb-up.svg"
        />
        The location is perfect
      </p>
      <p>
        <img
          alt="Negative feedback"
          class="css-sxswvr"
          src="thumb-down.svg"
        />
        No parking spot.
      </p>
      <p
        class="author"
      >
        Alissa Stacey
      </p>
      <span>
        Reviewed 
        11
         
        August
         
        2020
      </span>
    </article>
  </div>,
  "debug": [Function],
  "findAllByAltText": [Function],
  "findAllByDisplayValue": [Function],
  "findAllByLabelText": [Function],
  "findAllByPlaceholderText": [Function],
  "findAllByRole": [Function],
  "findAllByTestId": [Function],
  "findAllByText": [Function],
  "findAllByTitle": [Function],
  "findByAltText": [Function],
  "findByDisplayValue": [Function],
  "findByLabelText": [Function],
  "findByPlaceholderText": [Function],
  "findByRole": [Function],
  "findByTestId": [Function],
  "findByText": [Function],
  "findByTitle": [Function],
  "getAllByAltText": [Function],
  "getAllByDisplayValue": [Function],
  "getAllByLabelText": [Function],
  "getAllByPlaceholderText": [Function],
  "getAllByRole": [Function],
  "getAllByTestId": [Function],
  "getAllByText": [Function],
  "getAllByTitle": [Function],
  "getByAltText": [Function],
  "getByDisplayValue": [Function],
  "getByLabelText": [Function],
  "getByPlaceholderText": [Function],
  "getByRole": [Function],
  "getByTestId": [Function],
  "getByText": [Function],
  "getByTitle": [Function],
  "queryAllByAltText": [Function],
  "queryAllByDisplayValue": [Function],
  "queryAllByLabelText": [Function],
  "queryAllByPlaceholderText": [Function],
  "queryAllByRole": [Function],
  "queryAllByTestId": [Function],
  "queryAllByText": [Function],
  "queryAllByTitle": [Function],
  "queryByAltText": [Function],
  "queryByDisplayValue": [Function],
  "queryByLabelText": [Function],
  "queryByPlaceholderText": [Function],
  "queryByRole": [Function],
  "queryByTestId": [Function],
  "queryByText": [Function],
  "queryByTitle": [Function],
  "rerender": [Function],
  "unmount": [Function],
}
`;

exports[`Review component should match snapshote 1`] = `
Object {
  "asFragment": [Function],
  "baseElement": <body>
    <div>
      <article
        class="article"
      >
        <section
          class="reviewSection"
        >
          <span
            class="css-173apo3"
          >
            4.0
             / 5
          </span>
          <img
            alt="HOLIDU"
            src="HOLIDU.svg"
          />
        </section>
        <h2
          class="headline"
        >
          Very nice host, and quite chill place.
        </h2>
        <p
          class="comment"
        >
          Nulla dictum ligula ac tortor egestas, sit amet ullamcorper risus sollicitudin. Morbi vitae leo accumsan, interdum ligula non, placerat ligula. Ut faucibus congue purus, vitae semper sapien viverra non. Pellentesque rhoncus porttitor diam, eu ultrices metus dictum at.
        </p>
        <p>
          <img
            alt="Positive feedback"
            class="css-sxswvr"
            src="thumb-up.svg"
          />
          The location is perfect
        </p>
        <p>
          <img
            alt="Negative feedback"
            class="css-sxswvr"
            src="thumb-down.svg"
          />
          No parking spot.
        </p>
        <p
          class="author"
        >
          Alissa Stacey
        </p>
        <span>
          Reviewed 
          11
           
          August
           
          2020
        </span>
      </article>
    </div>
  </body>,
  "container": <div>
    <article
      class="article"
    >
      <section
        class="reviewSection"
      >
        <span
          class="css-173apo3"
        >
          4.0
           / 5
        </span>
        <img
          alt="HOLIDU"
          src="HOLIDU.svg"
        />
      </section>
      <h2
        class="headline"
      >
        Very nice host, and quite chill place.
      </h2>
      <p
        class="comment"
      >
        Nulla dictum ligula ac tortor egestas, sit amet ullamcorper risus sollicitudin. Morbi vitae leo accumsan, interdum ligula non, placerat ligula. Ut faucibus congue purus, vitae semper sapien viverra non. Pellentesque rhoncus porttitor diam, eu ultrices metus dictum at.
      </p>
      <p>
        <img
          alt="Positive feedback"
          class="css-sxswvr"
          src="thumb-up.svg"
        />
        The location is perfect
      </p>
      <p>
        <img
          alt="Negative feedback"
          class="css-sxswvr"
          src="thumb-down.svg"
        />
        No parking spot.
      </p>
      <p
        class="author"
      >
        Alissa Stacey
      </p>
      <span>
        Reviewed 
        11
         
        August
         
        2020
      </span>
    </article>
  </div>,
  "debug": [Function],
  "findAllByAltText": [Function],
  "findAllByDisplayValue": [Function],
  "findAllByLabelText": [Function],
  "findAllByPlaceholderText": [Function],
  "findAllByRole": [Function],
  "findAllByTestId": [Function],
  "findAllByText": [Function],
  "findAllByTitle": [Function],
  "findByAltText": [Function],
  "findByDisplayValue": [Function],
  "findByLabelText": [Function],
  "findByPlaceholderText": [Function],
  "findByRole": [Function],
  "findByTestId": [Function],
  "findByText": [Function],
  "findByTitle": [Function],
  "getAllByAltText": [Function],
  "getAllByDisplayValue": [Function],
  "getAllByLabelText": [Function],
  "getAllByPlaceholderText": [Function],
  "getAllByRole": [Function],
  "getAllByTestId": [Function],
  "getAllByText": [Function],
  "getAllByTitle": [Function],
  "getByAltText": [Function],
  "getByDisplayValue": [Function],
  "getByLabelText": [Function],
  "getByPlaceholderText": [Function],
  "getByRole": [Function],
  "getByTestId": [Function],
  "getByText": [Function],
  "getByTitle": [Function],
  "queryAllByAltText": [Function],
  "queryAllByDisplayValue": [Function],
  "queryAllByLabelText": [Function],
  "queryAllByPlaceholderText": [Function],
  "queryAllByRole": [Function],
  "queryAllByTestId": [Function],
  "queryAllByText": [Function],
  "queryAllByTitle": [Function],
  "queryByAltText": [Function],
  "queryByDisplayValue": [Function],
  "queryByLabelText": [Function],
  "queryByPlaceholderText": [Function],
  "queryByRole": [Function],
  "queryByTestId": [Function],
  "queryByText": [Function],
  "queryByTitle": [Function],
  "rerender": [Function],
  "unmount": [Function],
}
`;
