// Jest Snapshot v1, https://goo.gl/fbAQLP

exports[`Reviews number component should match snapshot 1`] = `
<div>
  <h1
    class="css-1s8sb3e"
  >
    30 Reviews
     
  </h1>
</div>
`;
